// Jest Snapshot v1, https://goo.gl/fbAQLP

exports[`AppliedFilters when \`appliedFilters\` is provided when \`removeFilterItem\` method was invoked should call \`dispatch\` with updated \`appliedFilters\` 1`] = `
Object {
  "payload": Object {
    "filter": "1x1",
    "filterType": "size",
  },
  "type": "REMOVE_APPLIED_FILTER_ITEM",
}
`;
